[2021-12-13T19:26:32.017+0000][gc,heap] Heap region size: 1M
[2021-12-13T19:26:32.026+0000][gc     ] Using G1
[2021-12-13T19:26:32.026+0000][gc,heap,coops] Heap address: 0x00000000c0000000, size: 1024 MB, Compressed Oops mode: 32-bit
[2021-12-13T19:26:32.026+0000][gc,cds       ] Mark closed archive regions in map: [0x00000000fff00000, 0x00000000fff6aff8]
[2021-12-13T19:26:32.026+0000][gc,cds       ] Mark open archive regions in map: [0x00000000ffe00000, 0x00000000ffe46ff8]
[2021-12-13T19:26:32.792+0000][gc,start     ] GC(0) Pause Young (Normal) (G1 Evacuation Pause)
[2021-12-13T19:26:32.793+0000][gc,task      ] GC(0) Using 8 workers of 8 for evacuation
[2021-12-13T19:26:32.804+0000][gc,phases    ] GC(0)   Pre Evacuate Collection Set: 0,0ms
[2021-12-13T19:26:32.804+0000][gc,phases    ] GC(0)   Evacuate Collection Set: 10,4ms
[2021-12-13T19:26:32.804+0000][gc,phases    ] GC(0)   Post Evacuate Collection Set: 0,4ms
[2021-12-13T19:26:32.804+0000][gc,phases    ] GC(0)   Other: 0,7ms
[2021-12-13T19:26:32.804+0000][gc,heap      ] GC(0) Eden regions: 51->0(44)
[2021-12-13T19:26:32.804+0000][gc,heap      ] GC(0) Survivor regions: 0->7(7)
[2021-12-13T19:26:32.804+0000][gc,heap      ] GC(0) Old regions: 2->2
[2021-12-13T19:26:32.804+0000][gc,heap      ] GC(0) Humongous regions: 0->0
[2021-12-13T19:26:32.804+0000][gc,metaspace ] GC(0) Metaspace: 14518K->14518K(1062912K)
[2021-12-13T19:26:32.804+0000][gc           ] GC(0) Pause Young (Normal) (G1 Evacuation Pause) 51M->7M(1024M) 11,656ms
[2021-12-13T19:26:32.804+0000][gc,cpu       ] GC(0) User=0,04s Sys=0,00s Real=0,01s
[2021-12-13T19:26:33.207+0000][gc,start     ] GC(1) Pause Young (Concurrent Start) (Metadata GC Threshold)
[2021-12-13T19:26:33.207+0000][gc,task      ] GC(1) Using 8 workers of 8 for evacuation
[2021-12-13T19:26:33.221+0000][gc,phases    ] GC(1)   Pre Evacuate Collection Set: 0,1ms
[2021-12-13T19:26:33.221+0000][gc,phases    ] GC(1)   Evacuate Collection Set: 13,8ms
[2021-12-13T19:26:33.221+0000][gc,phases    ] GC(1)   Post Evacuate Collection Set: 0,3ms
[2021-12-13T19:26:33.221+0000][gc,phases    ] GC(1)   Other: 0,2ms
[2021-12-13T19:26:33.221+0000][gc,heap      ] GC(1) Eden regions: 27->0(49)
[2021-12-13T19:26:33.221+0000][gc,heap      ] GC(1) Survivor regions: 7->2(7)
[2021-12-13T19:26:33.221+0000][gc,heap      ] GC(1) Old regions: 2->9
[2021-12-13T19:26:33.221+0000][gc,heap      ] GC(1) Humongous regions: 0->0
[2021-12-13T19:26:33.221+0000][gc,metaspace ] GC(1) Metaspace: 20551K->20551K(1067008K)
[2021-12-13T19:26:33.221+0000][gc           ] GC(1) Pause Young (Concurrent Start) (Metadata GC Threshold) 33M->8M(1024M) 14,478ms
[2021-12-13T19:26:33.221+0000][gc,cpu       ] GC(1) User=0,07s Sys=0,00s Real=0,01s
[2021-12-13T19:26:33.222+0000][gc           ] GC(2) Concurrent Cycle
[2021-12-13T19:26:33.222+0000][gc,marking   ] GC(2) Concurrent Clear Claimed Marks
[2021-12-13T19:26:33.222+0000][gc,marking   ] GC(2) Concurrent Clear Claimed Marks 0,049ms
[2021-12-13T19:26:33.222+0000][gc,marking   ] GC(2) Concurrent Scan Root Regions
[2021-12-13T19:26:33.223+0000][gc,marking   ] GC(2) Concurrent Scan Root Regions 1,228ms
[2021-12-13T19:26:33.223+0000][gc,marking   ] GC(2) Concurrent Mark (1,229s)
[2021-12-13T19:26:33.223+0000][gc,marking   ] GC(2) Concurrent Mark From Roots
[2021-12-13T19:26:33.223+0000][gc,task      ] GC(2) Using 2 workers of 2 for marking
[2021-12-13T19:26:33.230+0000][gc,marking   ] GC(2) Concurrent Mark From Roots 7,296ms
[2021-12-13T19:26:33.230+0000][gc,marking   ] GC(2) Concurrent Preclean
[2021-12-13T19:26:33.230+0000][gc,marking   ] GC(2) Concurrent Preclean 0,192ms
[2021-12-13T19:26:33.230+0000][gc,marking   ] GC(2) Concurrent Mark (1,229s, 1,236s) 7,563ms
[2021-12-13T19:26:33.231+0000][gc,start     ] GC(2) Pause Remark
[2021-12-13T19:26:33.238+0000][gc,stringtable] GC(2) Cleaned string and symbol table, strings: 5199 processed, 0 removed, symbols: 50386 processed, 41 removed
[2021-12-13T19:26:33.239+0000][gc            ] GC(2) Pause Remark 8M->8M(1024M) 8,114ms
[2021-12-13T19:26:33.239+0000][gc,cpu        ] GC(2) User=0,02s Sys=0,00s Real=0,01s
[2021-12-13T19:26:33.239+0000][gc,marking    ] GC(2) Concurrent Rebuild Remembered Sets
[2021-12-13T19:26:33.245+0000][gc,marking    ] GC(2) Concurrent Rebuild Remembered Sets 5,880ms
[2021-12-13T19:26:33.245+0000][gc,start      ] GC(2) Pause Cleanup
[2021-12-13T19:26:33.246+0000][gc            ] GC(2) Pause Cleanup 9M->9M(1024M) 0,256ms
[2021-12-13T19:26:33.246+0000][gc,cpu        ] GC(2) User=0,00s Sys=0,00s Real=0,00s
[2021-12-13T19:26:33.246+0000][gc,marking    ] GC(2) Concurrent Cleanup for Next Mark
[2021-12-13T19:26:33.250+0000][gc,marking    ] GC(2) Concurrent Cleanup for Next Mark 4,593ms
[2021-12-13T19:26:33.250+0000][gc            ] GC(2) Concurrent Cycle 28,958ms
[2021-12-13T19:26:33.850+0000][gc,start      ] GC(3) Pause Young (Normal) (G1 Evacuation Pause)
[2021-12-13T19:26:33.850+0000][gc,task       ] GC(3) Using 8 workers of 8 for evacuation
[2021-12-13T19:26:33.859+0000][gc,phases     ] GC(3)   Pre Evacuate Collection Set: 0,0ms
[2021-12-13T19:26:33.859+0000][gc,phases     ] GC(3)   Evacuate Collection Set: 8,6ms
[2021-12-13T19:26:33.859+0000][gc,phases     ] GC(3)   Post Evacuate Collection Set: 0,4ms
[2021-12-13T19:26:33.859+0000][gc,phases     ] GC(3)   Other: 0,2ms
[2021-12-13T19:26:33.859+0000][gc,heap       ] GC(3) Eden regions: 49->0(46)
[2021-12-13T19:26:33.859+0000][gc,heap       ] GC(3) Survivor regions: 2->5(7)
[2021-12-13T19:26:33.859+0000][gc,heap       ] GC(3) Old regions: 9->9
[2021-12-13T19:26:33.859+0000][gc,heap       ] GC(3) Humongous regions: 129->129
[2021-12-13T19:26:33.859+0000][gc,metaspace  ] GC(3) Metaspace: 28869K->28869K(1075200K)
[2021-12-13T19:26:33.859+0000][gc            ] GC(3) Pause Young (Normal) (G1 Evacuation Pause) 186M->140M(1024M) 9,273ms
[2021-12-13T19:26:33.859+0000][gc,cpu        ] GC(3) User=0,04s Sys=0,00s Real=0,01s
[2021-12-13T19:26:34.263+0000][gc,start      ] GC(4) Pause Young (Concurrent Start) (Metadata GC Threshold)
[2021-12-13T19:26:34.263+0000][gc,task       ] GC(4) Using 8 workers of 8 for evacuation
[2021-12-13T19:26:34.274+0000][gc,phases     ] GC(4)   Pre Evacuate Collection Set: 0,1ms
[2021-12-13T19:26:34.274+0000][gc,phases     ] GC(4)   Evacuate Collection Set: 10,8ms
[2021-12-13T19:26:34.274+0000][gc,phases     ] GC(4)   Post Evacuate Collection Set: 0,5ms
[2021-12-13T19:26:34.274+0000][gc,phases     ] GC(4)   Other: 0,3ms
[2021-12-13T19:26:34.274+0000][gc,heap       ] GC(4) Eden regions: 30->0(45)
[2021-12-13T19:26:34.274+0000][gc,heap       ] GC(4) Survivor regions: 5->6(7)
[2021-12-13T19:26:34.274+0000][gc,heap       ] GC(4) Old regions: 9->10
[2021-12-13T19:26:34.274+0000][gc,heap       ] GC(4) Humongous regions: 129->129
[2021-12-13T19:26:34.274+0000][gc,metaspace  ] GC(4) Metaspace: 34628K->34628K(1081344K)
[2021-12-13T19:26:34.274+0000][gc            ] GC(4) Pause Young (Concurrent Start) (Metadata GC Threshold) 169M->142M(1024M) 11,738ms
[2021-12-13T19:26:34.274+0000][gc,cpu        ] GC(4) User=0,04s Sys=0,00s Real=0,02s
[2021-12-13T19:26:34.274+0000][gc            ] GC(5) Concurrent Cycle
[2021-12-13T19:26:34.274+0000][gc,marking    ] GC(5) Concurrent Clear Claimed Marks
[2021-12-13T19:26:34.274+0000][gc,marking    ] GC(5) Concurrent Clear Claimed Marks 0,088ms
[2021-12-13T19:26:34.274+0000][gc,marking    ] GC(5) Concurrent Scan Root Regions
[2021-12-13T19:26:34.278+0000][gc,marking    ] GC(5) Concurrent Scan Root Regions 3,189ms
[2021-12-13T19:26:34.278+0000][gc,marking    ] GC(5) Concurrent Mark (2,283s)
[2021-12-13T19:26:34.278+0000][gc,marking    ] GC(5) Concurrent Mark From Roots
[2021-12-13T19:26:34.278+0000][gc,task       ] GC(5) Using 2 workers of 2 for marking
[2021-12-13T19:26:34.286+0000][gc,marking    ] GC(5) Concurrent Mark From Roots 8,262ms
[2021-12-13T19:26:34.286+0000][gc,marking    ] GC(5) Concurrent Preclean
[2021-12-13T19:26:34.286+0000][gc,marking    ] GC(5) Concurrent Preclean 0,169ms
[2021-12-13T19:26:34.286+0000][gc,marking    ] GC(5) Concurrent Mark (2,283s, 2,292s) 8,509ms
[2021-12-13T19:26:34.289+0000][gc,start      ] GC(5) Pause Remark
[2021-12-13T19:26:34.295+0000][gc,stringtable] GC(5) Cleaned string and symbol table, strings: 10383 processed, 10 removed, symbols: 83201 processed, 17 removed
[2021-12-13T19:26:34.295+0000][gc            ] GC(5) Pause Remark 143M->143M(1024M) 6,396ms
[2021-12-13T19:26:34.295+0000][gc,cpu        ] GC(5) User=0,04s Sys=0,00s Real=0,01s
[2021-12-13T19:26:34.295+0000][gc,marking    ] GC(5) Concurrent Rebuild Remembered Sets
[2021-12-13T19:26:34.299+0000][gc,marking    ] GC(5) Concurrent Rebuild Remembered Sets 3,665ms
[2021-12-13T19:26:34.300+0000][gc,start      ] GC(5) Pause Cleanup
[2021-12-13T19:26:34.300+0000][gc            ] GC(5) Pause Cleanup 143M->143M(1024M) 0,509ms
[2021-12-13T19:26:34.300+0000][gc,cpu        ] GC(5) User=0,00s Sys=0,00s Real=0,00s
[2021-12-13T19:26:34.300+0000][gc,marking    ] GC(5) Concurrent Cleanup for Next Mark
[2021-12-13T19:26:34.307+0000][gc,marking    ] GC(5) Concurrent Cleanup for Next Mark 6,727ms
[2021-12-13T19:26:34.307+0000][gc            ] GC(5) Concurrent Cycle 32,804ms
[2021-12-13T19:27:20.079+0000][gc,start      ] GC(6) Pause Young (Normal) (G1 Evacuation Pause)
[2021-12-13T19:27:20.079+0000][gc,task       ] GC(6) Using 8 workers of 8 for evacuation
[2021-12-13T19:27:20.090+0000][gc,phases     ] GC(6)   Pre Evacuate Collection Set: 0,0ms
[2021-12-13T19:27:20.090+0000][gc,phases     ] GC(6)   Evacuate Collection Set: 9,7ms
[2021-12-13T19:27:20.090+0000][gc,phases     ] GC(6)   Post Evacuate Collection Set: 0,7ms
[2021-12-13T19:27:20.090+0000][gc,phases     ] GC(6)   Other: 0,2ms
[2021-12-13T19:27:20.090+0000][gc,heap       ] GC(6) Eden regions: 45->0(46)
[2021-12-13T19:27:20.090+0000][gc,heap       ] GC(6) Survivor regions: 6->5(7)
[2021-12-13T19:27:20.090+0000][gc,heap       ] GC(6) Old regions: 10->13
[2021-12-13T19:27:20.090+0000][gc,heap       ] GC(6) Humongous regions: 129->129
[2021-12-13T19:27:20.090+0000][gc,metaspace  ] GC(6) Metaspace: 41124K->41124K(1087488K)
[2021-12-13T19:27:20.090+0000][gc            ] GC(6) Pause Young (Normal) (G1 Evacuation Pause) 187M->145M(1024M) 10,826ms
[2021-12-13T19:27:20.090+0000][gc,cpu        ] GC(6) User=0,06s Sys=0,00s Real=0,01s
[2021-12-13T19:29:34.852+0000][gc,heap,exit  ] Heap
[2021-12-13T19:29:34.852+0000][gc,heap,exit  ]  garbage-first heap   total 1048576K, used 160961K [0x00000000c0000000, 0x0000000100000000)
[2021-12-13T19:29:34.852+0000][gc,heap,exit  ]   region size 1024K, 18 young (18432K), 5 survivors (5120K)
[2021-12-13T19:29:34.852+0000][gc,heap,exit  ]  Metaspace       used 42226K, capacity 44779K, committed 45052K, reserved 1087488K
[2021-12-13T19:29:34.852+0000][gc,heap,exit  ]   class space    used 5606K, capacity 6895K, committed 6960K, reserved 1048576K
