[2021-12-13T19:24:18.405+0000][gc,heap] Heap region size: 1M
[2021-12-13T19:24:18.415+0000][gc     ] Using G1
[2021-12-13T19:24:18.415+0000][gc,heap,coops] Heap address: 0x00000000c0000000, size: 1024 MB, Compressed Oops mode: 32-bit
[2021-12-13T19:24:18.415+0000][gc,cds       ] Mark closed archive regions in map: [0x00000000fff00000, 0x00000000fff6aff8]
[2021-12-13T19:24:18.415+0000][gc,cds       ] Mark open archive regions in map: [0x00000000ffe00000, 0x00000000ffe46ff8]
[2021-12-13T19:24:19.163+0000][gc,start     ] GC(0) Pause Young (Normal) (G1 Evacuation Pause)
[2021-12-13T19:24:19.164+0000][gc,task      ] GC(0) Using 8 workers of 8 for evacuation
[2021-12-13T19:24:19.174+0000][gc,phases    ] GC(0)   Pre Evacuate Collection Set: 0,0ms
[2021-12-13T19:24:19.174+0000][gc,phases    ] GC(0)   Evacuate Collection Set: 10,2ms
[2021-12-13T19:24:19.174+0000][gc,phases    ] GC(0)   Post Evacuate Collection Set: 0,4ms
[2021-12-13T19:24:19.174+0000][gc,phases    ] GC(0)   Other: 0,6ms
[2021-12-13T19:24:19.174+0000][gc,heap      ] GC(0) Eden regions: 51->0(44)
[2021-12-13T19:24:19.175+0000][gc,heap      ] GC(0) Survivor regions: 0->7(7)
[2021-12-13T19:24:19.175+0000][gc,heap      ] GC(0) Old regions: 2->2
[2021-12-13T19:24:19.175+0000][gc,heap      ] GC(0) Humongous regions: 0->0
[2021-12-13T19:24:19.175+0000][gc,metaspace ] GC(0) Metaspace: 14507K->14507K(1062912K)
[2021-12-13T19:24:19.175+0000][gc           ] GC(0) Pause Young (Normal) (G1 Evacuation Pause) 51M->7M(1024M) 11,443ms
[2021-12-13T19:24:19.175+0000][gc,cpu       ] GC(0) User=0,04s Sys=0,02s Real=0,02s
[2021-12-13T19:24:19.566+0000][gc,start     ] GC(1) Pause Young (Concurrent Start) (Metadata GC Threshold)
[2021-12-13T19:24:19.566+0000][gc,task      ] GC(1) Using 8 workers of 8 for evacuation
[2021-12-13T19:24:19.576+0000][gc,phases    ] GC(1)   Pre Evacuate Collection Set: 0,1ms
[2021-12-13T19:24:19.577+0000][gc,phases    ] GC(1)   Evacuate Collection Set: 9,8ms
[2021-12-13T19:24:19.577+0000][gc,phases    ] GC(1)   Post Evacuate Collection Set: 0,4ms
[2021-12-13T19:24:19.577+0000][gc,phases    ] GC(1)   Other: 0,2ms
[2021-12-13T19:24:19.577+0000][gc,heap      ] GC(1) Eden regions: 28->0(49)
[2021-12-13T19:24:19.577+0000][gc,heap      ] GC(1) Survivor regions: 7->2(7)
[2021-12-13T19:24:19.577+0000][gc,heap      ] GC(1) Old regions: 2->9
[2021-12-13T19:24:19.577+0000][gc,heap      ] GC(1) Humongous regions: 0->0
[2021-12-13T19:24:19.577+0000][gc,metaspace ] GC(1) Metaspace: 20545K->20545K(1067008K)
[2021-12-13T19:24:19.577+0000][gc           ] GC(1) Pause Young (Concurrent Start) (Metadata GC Threshold) 34M->8M(1024M) 10,680ms
[2021-12-13T19:24:19.577+0000][gc,cpu       ] GC(1) User=0,05s Sys=0,00s Real=0,01s
[2021-12-13T19:24:19.577+0000][gc           ] GC(2) Concurrent Cycle
[2021-12-13T19:24:19.577+0000][gc,marking   ] GC(2) Concurrent Clear Claimed Marks
[2021-12-13T19:24:19.577+0000][gc,marking   ] GC(2) Concurrent Clear Claimed Marks 0,049ms
[2021-12-13T19:24:19.577+0000][gc,marking   ] GC(2) Concurrent Scan Root Regions
[2021-12-13T19:24:19.580+0000][gc,marking   ] GC(2) Concurrent Scan Root Regions 3,208ms
[2021-12-13T19:24:19.580+0000][gc,marking   ] GC(2) Concurrent Mark (1,198s)
[2021-12-13T19:24:19.580+0000][gc,marking   ] GC(2) Concurrent Mark From Roots
[2021-12-13T19:24:19.580+0000][gc,task      ] GC(2) Using 2 workers of 2 for marking
[2021-12-13T19:24:19.589+0000][gc,marking   ] GC(2) Concurrent Mark From Roots 9,317ms
[2021-12-13T19:24:19.589+0000][gc,marking   ] GC(2) Concurrent Preclean
[2021-12-13T19:24:19.590+0000][gc,marking   ] GC(2) Concurrent Preclean 0,180ms
[2021-12-13T19:24:19.590+0000][gc,marking   ] GC(2) Concurrent Mark (1,198s, 1,208s) 9,574ms
[2021-12-13T19:24:19.590+0000][gc,start     ] GC(2) Pause Remark
[2021-12-13T19:24:19.592+0000][gc,stringtable] GC(2) Cleaned string and symbol table, strings: 5211 processed, 0 removed, symbols: 50418 processed, 41 removed
[2021-12-13T19:24:19.593+0000][gc            ] GC(2) Pause Remark 8M->8M(1024M) 2,947ms
[2021-12-13T19:24:19.593+0000][gc,cpu        ] GC(2) User=0,01s Sys=0,00s Real=0,01s
[2021-12-13T19:24:19.593+0000][gc,marking    ] GC(2) Concurrent Rebuild Remembered Sets
[2021-12-13T19:24:19.597+0000][gc,marking    ] GC(2) Concurrent Rebuild Remembered Sets 4,477ms
[2021-12-13T19:24:19.597+0000][gc,start      ] GC(2) Pause Cleanup
[2021-12-13T19:24:19.598+0000][gc            ] GC(2) Pause Cleanup 9M->9M(1024M) 0,233ms
[2021-12-13T19:24:19.598+0000][gc,cpu        ] GC(2) User=0,00s Sys=0,00s Real=0,00s
[2021-12-13T19:24:19.598+0000][gc,marking    ] GC(2) Concurrent Cleanup for Next Mark
[2021-12-13T19:24:19.604+0000][gc,marking    ] GC(2) Concurrent Cleanup for Next Mark 5,809ms
[2021-12-13T19:24:19.604+0000][gc            ] GC(2) Concurrent Cycle 26,917ms
[2021-12-13T19:24:20.248+0000][gc,start      ] GC(3) Pause Young (Normal) (G1 Evacuation Pause)
[2021-12-13T19:24:20.248+0000][gc,task       ] GC(3) Using 8 workers of 8 for evacuation
[2021-12-13T19:24:20.258+0000][gc,phases     ] GC(3)   Pre Evacuate Collection Set: 0,0ms
[2021-12-13T19:24:20.258+0000][gc,phases     ] GC(3)   Evacuate Collection Set: 8,4ms
[2021-12-13T19:24:20.258+0000][gc,phases     ] GC(3)   Post Evacuate Collection Set: 0,9ms
[2021-12-13T19:24:20.258+0000][gc,phases     ] GC(3)   Other: 0,2ms
[2021-12-13T19:24:20.258+0000][gc,heap       ] GC(3) Eden regions: 49->0(46)
[2021-12-13T19:24:20.258+0000][gc,heap       ] GC(3) Survivor regions: 2->5(7)
[2021-12-13T19:24:20.258+0000][gc,heap       ] GC(3) Old regions: 9->9
[2021-12-13T19:24:20.258+0000][gc,heap       ] GC(3) Humongous regions: 129->129
[2021-12-13T19:24:20.258+0000][gc,metaspace  ] GC(3) Metaspace: 28890K->28890K(1075200K)
[2021-12-13T19:24:20.258+0000][gc            ] GC(3) Pause Young (Normal) (G1 Evacuation Pause) 186M->140M(1024M) 9,701ms
[2021-12-13T19:24:20.258+0000][gc,cpu        ] GC(3) User=0,05s Sys=0,00s Real=0,01s
[2021-12-13T19:24:21.661+0000][gc,heap,exit  ] Heap
[2021-12-13T19:24:21.661+0000][gc,heap,exit  ]  garbage-first heap   total 1048576K, used 160058K [0x00000000c0000000, 0x0000000100000000)
[2021-12-13T19:24:21.661+0000][gc,heap,exit  ]   region size 1024K, 22 young (22528K), 5 survivors (5120K)
[2021-12-13T19:24:21.661+0000][gc,heap,exit  ]  Metaspace       used 31237K, capacity 32403K, committed 32508K, reserved 1077248K
[2021-12-13T19:24:21.661+0000][gc,heap,exit  ]   class space    used 3810K, capacity 4347K, committed 4400K, reserved 1048576K
