[2021-12-13T19:26:21.380+0000][gc,heap] Heap region size: 1M
[2021-12-13T19:26:21.386+0000][gc     ] Using G1
[2021-12-13T19:26:21.386+0000][gc,heap,coops] Heap address: 0x00000000e0000000, size: 512 MB, Compressed Oops mode: 32-bit
[2021-12-13T19:26:21.386+0000][gc,cds       ] Mark closed archive regions in map: [0x00000000fff00000, 0x00000000fff6aff8]
[2021-12-13T19:26:21.387+0000][gc,cds       ] Mark open archive regions in map: [0x00000000ffe00000, 0x00000000ffe46ff8]
[2021-12-13T19:26:21.854+0000][gc,start     ] GC(0) Pause Young (Normal) (G1 Evacuation Pause)
[2021-12-13T19:26:21.854+0000][gc,task      ] GC(0) Using 8 workers of 8 for evacuation
[2021-12-13T19:26:21.877+0000][gc,mmu       ] GC(0) MMU target violated: 21,0ms (20,0ms/21,0ms)
[2021-12-13T19:26:21.877+0000][gc,phases    ] GC(0)   Pre Evacuate Collection Set: 0,0ms
[2021-12-13T19:26:21.877+0000][gc,phases    ] GC(0)   Evacuate Collection Set: 22,1ms
[2021-12-13T19:26:21.877+0000][gc,phases    ] GC(0)   Post Evacuate Collection Set: 0,3ms
[2021-12-13T19:26:21.877+0000][gc,phases    ] GC(0)   Other: 0,7ms
[2021-12-13T19:26:21.877+0000][gc,heap      ] GC(0) Eden regions: 25->0(21)
[2021-12-13T19:26:21.877+0000][gc,heap      ] GC(0) Survivor regions: 0->4(4)
[2021-12-13T19:26:21.877+0000][gc,heap      ] GC(0) Old regions: 2->6
[2021-12-13T19:26:21.877+0000][gc,heap      ] GC(0) Humongous regions: 0->0
[2021-12-13T19:26:21.877+0000][gc,metaspace ] GC(0) Metaspace: 7463K->7463K(1056768K)
[2021-12-13T19:26:21.877+0000][gc           ] GC(0) Pause Young (Normal) (G1 Evacuation Pause) 25M->7M(512M) 23,258ms
[2021-12-13T19:26:21.877+0000][gc,cpu       ] GC(0) User=0,07s Sys=0,01s Real=0,02s
[2021-12-14T14:27:50.378+0000][gc,heap,exit ] Heap
[2021-12-14T14:27:50.379+0000][gc,heap,exit ]  garbage-first heap   total 524288K, used 21269K [0x00000000e0000000, 0x0000000100000000)
[2021-12-14T14:27:50.379+0000][gc,heap,exit ]   region size 1024K, 18 young (18432K), 4 survivors (4096K)
[2021-12-14T14:27:50.379+0000][gc,heap,exit ]  Metaspace       used 9216K, capacity 9639K, committed 9984K, reserved 1058816K
[2021-12-14T14:27:50.379+0000][gc,heap,exit ]   class space    used 1010K, capacity 1157K, committed 1280K, reserved 1048576K
